--- GET Records ---
{"success":true,"message":"Success","data":{"content":[{"id":1,"amount":5000.0000,"type":"INCOME","category":"Salary","recordDate":"2024-06-01","description":"June salary","createdById":1,"createdByName":"System Admin","createdAt":"2026-04-05T12:29:32.560837"},{"id":2,"amount":1500.0000,"type":"EXPENSE","category":"Rent","recordDate":"2024-06-05","description":"June rent","createdById":1,"createdByName":"System Admin","createdAt":"2026-04-05T12:29:32.622653"},{"id":3,"amount":5000.0000,"type":"INCOME","category":"Salary","recordDate":"2024-06-15","description":"Monthly salary","createdById":1,"createdByName":"System Admin","createdAt":"2026-04-05T12:29:33.522305"}],"pageable":{"pageNumber":0,"pageSize":10,"sort":{"empty":false,"sorted":true,"unsorted":false},"offset":0,"unpaged":false,"paged":true},"last":true,"totalElements":3,"totalPages":1,"size":10,"number":0,"sort":{"empty":false,"sorted":true,"unsorted":false},"first":true,"numberOfElements":3,"empty":false}}
--- POST Records (Should Fail for VIEWER) ---
The remote server returned an error: (403) Forbidden.
--- GET Dashboard ---
{"success":true,"message":"Success","data":{"totalIncome":10000.0000,"totalExpenses":1500.0000,"netBalance":8500.0000,"categoryBreakdown":[{"type":"INCOME","category":"Salary","total":10000.0000},{"type":"EXPENSE","category":"Rent","total":1500.0000}],"recentTransactions":[{"id":3,"amount":5000.0000,"type":"INCOME","category":"Salary","recordDate":"2024-06-15","description":"Monthly salary","createdById":1,"createdByName":"System Admin","createdAt":"2026-04-05T12:29:33.522305"},{"id":2,"amount":1500.0000,"type":"EXPENSE","category":"Rent","recordDate":"2024-06-05","description":"June rent","createdById":1,"createdByName":"System Admin","createdAt":"2026-04-05T12:29:32.622653"},{"id":1,"amount":5000.0000,"type":"INCOME","category":"Salary","recordDate":"2024-06-01","description":"June salary","createdById":1,"createdByName":"System Admin","createdAt":"2026-04-05T12:29:32.560837"}]}}
